{"synthetic": false,
 "schemaVersion": "2025-09-10",
 "outputs":
 {"o": ["550b590f7cf473b4.olean"],
  "m": false,
  "i": "8a840119a1e53020.ilean",
  "c": "20c3d13b43ea36fb.c"},
 "log":
 [{"message":
   ".> LEAN_PATH=/home/alen/projects/lean/minicalc/.lake/build/lib/lean /home/alen/.elan/toolchains/leanprover--lean4---v4.34.0/bin/lean /home/alen/projects/lean/minicalc/Main.lean -o /home/alen/projects/lean/minicalc/.lake/build/lib/lean/Main.olean -i /home/alen/projects/lean/minicalc/.lake/build/lib/lean/Main.ilean -c /home/alen/projects/lean/minicalc/.lake/build/ir/Main.c --setup /home/alen/projects/lean/minicalc/.lake/build/ir/Main.setup.json --json",
   "level": "trace"}],
 "inputs":
 [["deps",
   [["minicalc/minicalc:extraDep",
     [["@minicalc:extraDep", "00000000000006bb"]]],
    ["imports",
     [["Minicalc transitive imports (legacy)", "13b8b8db6fcd6453"],
      ["Minicalc:importAllArts", "6b7f5c813f4faef0"]]]]],
  ["libs",
   [["import dynlibs", "00000000000006bb"],
    ["package external libraries", "00000000000006bb"],
    ["module dynlibs", "00000000000006bb"],
    ["module plugins", "00000000000006bb"]]],
  ["Lean 4.34.0, commit 293d5d0c0c3f3dded4688b3ccd6a33939ac5102b",
   "a1c6c7aa3e9abfe7"],
  ["/home/alen/projects/lean/minicalc/Main.lean", "ef92e854091dabf0"],
  ["options", "00000000000006bb"],
  ["isModule: false", "feefd2a0d3a1847e"],
  ["Module.name: Main", "f2a1fd945cf30c62"],
  ["Package.id?: (some minicalc)", "afa8974223845d87"],
  ["Module.leanArgs: #[]", "00000000000006bb"]],
 "depHash": "3b628b067f5f5df6"}