{"synthetic": false,
 "schemaVersion": "2025-09-10",
 "outputs":
 {"o": ["d2981b69182bfd48.olean"],
  "m": false,
  "i": "4f57a0f692052f1e.ilean",
  "c": "e28d6ec9815a26a4.c"},
 "log":
 [{"message":
   ".> LEAN_PATH=/home/alen/projects/lean/minicalc/.lake/build/lib/lean /home/alen/.elan/toolchains/leanprover--lean4---v4.34.0/bin/lean /home/alen/projects/lean/minicalc/Minicalc.lean -o /home/alen/projects/lean/minicalc/.lake/build/lib/lean/Minicalc.olean -i /home/alen/projects/lean/minicalc/.lake/build/lib/lean/Minicalc.ilean -c /home/alen/projects/lean/minicalc/.lake/build/ir/Minicalc.c --setup /home/alen/projects/lean/minicalc/.lake/build/ir/Minicalc.setup.json --json",
   "level": "trace"}],
 "inputs":
 [["deps",
   [["minicalc/Minicalc:extraDep",
     [["@minicalc:extraDep", "00000000000006bb"]]],
    ["imports",
     [["Minicalc.Expr transitive imports (legacy)", "00000000000006bb"],
      ["Minicalc.Expr:importAllArts", "2de4a726eb5f114d"],
      ["Minicalc.Parser transitive imports (legacy)", "346ccda8da25f067"],
      ["Minicalc.Parser:importAllArts", "a494a81d002c10c5"],
      ["Minicalc.Evaluator transitive imports (legacy)", "346ccda8da25f067"],
      ["Minicalc.Evaluator:importAllArts", "986f14b7d4b40938"],
      ["Minicalc.Optimizer transitive imports (legacy)", "1f3f5571090b6743"],
      ["Minicalc.Optimizer:importAllArts", "48aadf8a13f54e76"],
      ["Minicalc.CLI transitive imports (legacy)", "3bfb8f1c397c3df4"],
      ["Minicalc.CLI:importAllArts", "e299866cda7f99b0"]]]]],
  ["libs",
   [["import dynlibs", "00000000000006bb"],
    ["package external libraries", "00000000000006bb"],
    ["module dynlibs", "00000000000006bb"],
    ["module plugins", "00000000000006bb"]]],
  ["Lean 4.34.0, commit 293d5d0c0c3f3dded4688b3ccd6a33939ac5102b",
   "a1c6c7aa3e9abfe7"],
  ["/home/alen/projects/lean/minicalc/Minicalc.lean", "3ef8fa1ec1c1e0c8"],
  ["options", "00000000000006bb"],
  ["isModule: false", "feefd2a0d3a1847e"],
  ["Module.name: Minicalc", "108d02d41c945d60"],
  ["Package.id?: (some minicalc)", "afa8974223845d87"],
  ["Module.leanArgs: #[]", "00000000000006bb"]],
 "depHash": "8b68cb5a22af1682"}