{"synthetic": false,
 "schemaVersion": "2025-09-10",
 "outputs":
 {"o": ["6d47e1e793619cd7.olean"],
  "m": false,
  "i": "a624f112777d35ed.ilean",
  "c": "a7496b59758cffa0.c"},
 "log":
 [{"message":
   ".> LEAN_PATH=/home/alen/projects/lean/minicalc/.lake/build/lib/lean /home/alen/.elan/toolchains/leanprover--lean4---v4.34.0/bin/lean /home/alen/projects/lean/minicalc/Minicalc/CLI.lean -o /home/alen/projects/lean/minicalc/.lake/build/lib/lean/Minicalc/CLI.olean -i /home/alen/projects/lean/minicalc/.lake/build/lib/lean/Minicalc/CLI.ilean -c /home/alen/projects/lean/minicalc/.lake/build/ir/Minicalc/CLI.c --setup /home/alen/projects/lean/minicalc/.lake/build/ir/Minicalc/CLI.setup.json --json",
   "level": "trace"}],
 "inputs":
 [["deps",
   [["minicalc/Minicalc:extraDep",
     [["@minicalc:extraDep", "00000000000006bb"]]],
    ["imports",
     [["Minicalc.Expr transitive imports (legacy)", "00000000000006bb"],
      ["Minicalc.Expr:importAllArts", "2de4a726eb5f114d"],
      ["Minicalc.Parser transitive imports (legacy)", "346ccda8da25f067"],
      ["Minicalc.Parser:importAllArts", "a494a81d002c10c5"],
      ["Minicalc.Evaluator transitive imports (legacy)", "346ccda8da25f067"],
      ["Minicalc.Evaluator:importAllArts", "986f14b7d4b40938"],
      ["Minicalc.Optimizer transitive imports (legacy)", "1f3f5571090b6743"],
      ["Minicalc.Optimizer:importAllArts", "48aadf8a13f54e76"]]]]],
  ["libs",
   [["import dynlibs", "00000000000006bb"],
    ["package external libraries", "00000000000006bb"],
    ["module dynlibs", "00000000000006bb"],
    ["module plugins", "00000000000006bb"]]],
  ["Lean 4.34.0, commit 293d5d0c0c3f3dded4688b3ccd6a33939ac5102b",
   "a1c6c7aa3e9abfe7"],
  ["/home/alen/projects/lean/minicalc/Minicalc/CLI.lean", "0bdb0688873053bd"],
  ["options", "00000000000006bb"],
  ["isModule: false", "feefd2a0d3a1847e"],
  ["Module.name: Minicalc.CLI", "a02bb2d11c28cc92"],
  ["Package.id?: (some minicalc)", "afa8974223845d87"],
  ["Module.leanArgs: #[]", "00000000000006bb"]],
 "depHash": "10bf79e4a5376eba"}