{"synthetic": false,
 "schemaVersion": "2025-09-10",
 "outputs":
 {"o": ["660507771b51cbb0.olean"],
  "m": false,
  "i": "543d6c4167277482.ilean",
  "c": "ed5db9ef4aeefe51.c"},
 "log":
 [{"message":
   ".> LEAN_PATH=/home/alen/projects/lean/minicalc/.lake/build/lib/lean /home/alen/.elan/toolchains/leanprover--lean4---v4.34.0/bin/lean /home/alen/projects/lean/minicalc/Minicalc/Expr.lean -o /home/alen/projects/lean/minicalc/.lake/build/lib/lean/Minicalc/Expr.olean -i /home/alen/projects/lean/minicalc/.lake/build/lib/lean/Minicalc/Expr.ilean -c /home/alen/projects/lean/minicalc/.lake/build/ir/Minicalc/Expr.c --setup /home/alen/projects/lean/minicalc/.lake/build/ir/Minicalc/Expr.setup.json --json",
   "level": "trace"}],
 "inputs":
 [["deps",
   [["minicalc/Minicalc:extraDep",
     [["@minicalc:extraDep", "00000000000006bb"]]],
    ["imports", "00000000000006bb"]]],
  ["libs",
   [["import dynlibs", "00000000000006bb"],
    ["package external libraries", "00000000000006bb"],
    ["module dynlibs", "00000000000006bb"],
    ["module plugins", "00000000000006bb"]]],
  ["Lean 4.34.0, commit 293d5d0c0c3f3dded4688b3ccd6a33939ac5102b",
   "a1c6c7aa3e9abfe7"],
  ["/home/alen/projects/lean/minicalc/Minicalc/Expr.lean", "df6befa7ce8e9c93"],
  ["options", "00000000000006bb"],
  ["isModule: false", "feefd2a0d3a1847e"],
  ["Module.name: Minicalc.Expr", "96d061dfc9579669"],
  ["Package.id?: (some minicalc)", "afa8974223845d87"],
  ["Module.leanArgs: #[]", "00000000000006bb"]],
 "depHash": "308e669658ab5c50"}