{"synthetic": false,
 "schemaVersion": "2025-09-10",
 "outputs":
 {"o": ["7ac0abd87e5eb480.olean"],
  "m": false,
  "i": "30fc2c82c76cb3fb.ilean",
  "c": "2d212069fde7abfb.c"},
 "log":
 [{"message":
   ".> LEAN_PATH=/home/alen/projects/lean/minicalc/.lake/build/lib/lean /home/alen/.elan/toolchains/leanprover--lean4---v4.34.0/bin/lean /home/alen/projects/lean/minicalc/Minicalc/Optimizer.lean -o /home/alen/projects/lean/minicalc/.lake/build/lib/lean/Minicalc/Optimizer.olean -i /home/alen/projects/lean/minicalc/.lake/build/lib/lean/Minicalc/Optimizer.ilean -c /home/alen/projects/lean/minicalc/.lake/build/ir/Minicalc/Optimizer.c --setup /home/alen/projects/lean/minicalc/.lake/build/ir/Minicalc/Optimizer.setup.json --json",
   "level": "trace"},
  {"message":
   "Minicalc/Optimizer.lean:108:38: This simp argument is unused:\n  hb0\n\nHint: Omit it from the simp argument list.\n  [apply] simp [fold, hb, ha] at h\n\nNote: This linter can be disabled with `set_option linter.unusedSimpArgs false`",
   "level": "warning"},
  {"message":
   "Minicalc/Optimizer.lean:110:32: This simp argument is unused:\n  hb0\n\nHint: Omit it from the simp argument list.\n  [apply] simp [fold, hb, ha] at h\n\nNote: This linter can be disabled with `set_option linter.unusedSimpArgs false`",
   "level": "warning"}],
 "inputs":
 [["deps",
   [["minicalc/Minicalc:extraDep",
     [["@minicalc:extraDep", "00000000000006bb"]]],
    ["imports",
     [["Minicalc.Expr transitive imports (legacy)", "00000000000006bb"],
      ["Minicalc.Expr:importAllArts", "2de4a726eb5f114d"],
      ["Minicalc.Evaluator transitive imports (legacy)", "346ccda8da25f067"],
      ["Minicalc.Evaluator:importAllArts", "986f14b7d4b40938"]]]]],
  ["libs",
   [["import dynlibs", "00000000000006bb"],
    ["package external libraries", "00000000000006bb"],
    ["module dynlibs", "00000000000006bb"],
    ["module plugins", "00000000000006bb"]]],
  ["Lean 4.34.0, commit 293d5d0c0c3f3dded4688b3ccd6a33939ac5102b",
   "a1c6c7aa3e9abfe7"],
  ["/home/alen/projects/lean/minicalc/Minicalc/Optimizer.lean",
   "463cdcf9621be038"],
  ["options", "00000000000006bb"],
  ["isModule: false", "feefd2a0d3a1847e"],
  ["Module.name: Minicalc.Optimizer", "593398518dd1fe26"],
  ["Package.id?: (some minicalc)", "afa8974223845d87"],
  ["Module.leanArgs: #[]", "00000000000006bb"]],
 "depHash": "2c5e97552636c658"}