{"synthetic": false,
 "schemaVersion": "2025-09-10",
 "outputs":
 {"o": ["5ff8fcb73ed53c9c.olean"],
  "m": false,
  "i": "d08c11af5064848b.ilean",
  "c": "22e4546008470bab.c"},
 "log":
 [{"message":
   ".> LEAN_PATH=/home/alen/projects/lean/minicalc/.lake/build/lib/lean /home/alen/.elan/toolchains/leanprover--lean4---v4.34.0/bin/lean /home/alen/projects/lean/minicalc/Minicalc/Parser.lean -o /home/alen/projects/lean/minicalc/.lake/build/lib/lean/Minicalc/Parser.olean -i /home/alen/projects/lean/minicalc/.lake/build/lib/lean/Minicalc/Parser.ilean -c /home/alen/projects/lean/minicalc/.lake/build/ir/Minicalc/Parser.c --setup /home/alen/projects/lean/minicalc/.lake/build/ir/Minicalc/Parser.setup.json --json",
   "level": "trace"},
  {"message":
   "Minicalc/Parser.lean:19:10: `String.get` has been deprecated: Use `String.Pos.Raw.get` instead\n\nNote: The updated constant is in a different namespace. Dot notation may need to be changed (e.g., from `x.get` to `String.Pos.Raw.get x`).",
   "level": "warning"},
  {"message":
   "Minicalc/Parser.lean:30:15: `String.get` has been deprecated: Use `String.Pos.Raw.get` instead\n\nNote: The updated constant is in a different namespace. Dot notation may need to be changed (e.g., from `x.get` to `String.Pos.Raw.get x`).",
   "level": "warning"},
  {"message":
   "Minicalc/Parser.lean:40:17: `String.get` has been deprecated: Use `String.Pos.Raw.get` instead\n\nNote: The updated constant is in a different namespace. Dot notation may need to be changed (e.g., from `x.get` to `String.Pos.Raw.get x`).",
   "level": "warning"},
  {"message":
   "Minicalc/Parser.lean:55:15: `String.get` has been deprecated: Use `String.Pos.Raw.get` instead\n\nNote: The updated constant is in a different namespace. Dot notation may need to be changed (e.g., from `x.get` to `String.Pos.Raw.get x`).",
   "level": "warning"},
  {"message":
   "Minicalc/Parser.lean:79:15: `String.get` has been deprecated: Use `String.Pos.Raw.get` instead\n\nNote: The updated constant is in a different namespace. Dot notation may need to be changed (e.g., from `x.get` to `String.Pos.Raw.get x`).",
   "level": "warning"},
  {"message":
   "Minicalc/Parser.lean:103:15: `String.get` has been deprecated: Use `String.Pos.Raw.get` instead\n\nNote: The updated constant is in a different namespace. Dot notation may need to be changed (e.g., from `x.get` to `String.Pos.Raw.get x`).",
   "level": "warning"},
  {"message":
   "Minicalc/Parser.lean:64:0: unused termination hints, function is partial",
   "level": "warning"},
  {"message":
   "Minicalc/Parser.lean:49:0: unused termination hints, function is partial",
   "level": "warning"},
  {"message":
   "Minicalc/Parser.lean:96:0: unused termination hints, function is partial",
   "level": "warning"},
  {"message":
   "Minicalc/Parser.lean:112:0: unused termination hints, function is partial",
   "level": "warning"},
  {"message":
   "Minicalc/Parser.lean:72:0: unused termination hints, function is partial",
   "level": "warning"},
  {"message":
   "Minicalc/Parser.lean:88:0: unused termination hints, function is partial",
   "level": "warning"},
  {"message":
   "Minicalc/Parser.lean:29:5: Variable name `h` is not explicitly referenced.\n\nHint: The binding can be removed (if unused) or named `_` (if used implicitly). Alternatively, prefix the name with `_` to silence this warning:\n  [apply] _h\n\nNote: This linter can be disabled with `set_option linter.unusedVariables false`",
   "level": "warning"},
  {"message":
   "Minicalc/Parser.lean:39:13: Variable name `h'` is not explicitly referenced.\n\nHint: The binding can be removed (if unused) or named `_` (if used implicitly). Alternatively, prefix the name with `_` to silence this warning:\n  [apply] _h'\n\nNote: This linter can be disabled with `set_option linter.unusedVariables false`",
   "level": "warning"},
  {"message":
   "Minicalc/Parser.lean:54:5: Variable name `h` is not explicitly referenced.\n\nHint: The binding can be removed (if unused) or named `_` (if used implicitly). Alternatively, prefix the name with `_` to silence this warning:\n  [apply] _h\n\nNote: This linter can be disabled with `set_option linter.unusedVariables false`",
   "level": "warning"},
  {"message":
   "Minicalc/Parser.lean:78:5: Variable name `h` is not explicitly referenced.\n\nHint: The binding can be removed (if unused) or named `_` (if used implicitly). Alternatively, prefix the name with `_` to silence this warning:\n  [apply] _h\n\nNote: This linter can be disabled with `set_option linter.unusedVariables false`",
   "level": "warning"},
  {"message":
   "Minicalc/Parser.lean:102:5: Variable name `h` is not explicitly referenced.\n\nHint: The binding can be removed (if unused) or named `_` (if used implicitly). Alternatively, prefix the name with `_` to silence this warning:\n  [apply] _h\n\nNote: This linter can be disabled with `set_option linter.unusedVariables false`",
   "level": "warning"}],
 "inputs":
 [["deps",
   [["minicalc/Minicalc:extraDep",
     [["@minicalc:extraDep", "00000000000006bb"]]],
    ["imports",
     [["Minicalc.Expr transitive imports (legacy)", "00000000000006bb"],
      ["Minicalc.Expr:importAllArts", "2de4a726eb5f114d"]]]]],
  ["libs",
   [["import dynlibs", "00000000000006bb"],
    ["package external libraries", "00000000000006bb"],
    ["module dynlibs", "00000000000006bb"],
    ["module plugins", "00000000000006bb"]]],
  ["Lean 4.34.0, commit 293d5d0c0c3f3dded4688b3ccd6a33939ac5102b",
   "a1c6c7aa3e9abfe7"],
  ["/home/alen/projects/lean/minicalc/Minicalc/Parser.lean",
   "6e19f663dcd99708"],
  ["options", "00000000000006bb"],
  ["isModule: false", "feefd2a0d3a1847e"],
  ["Module.name: Minicalc.Parser", "62688b01ae9c3eaf"],
  ["Package.id?: (some minicalc)", "afa8974223845d87"],
  ["Module.leanArgs: #[]", "00000000000006bb"]],
 "depHash": "1a9c479075235848"}