{"synthetic": false,
 "schemaVersion": "2025-09-10",
 "outputs": "707fb63a8c1dc382",
 "log":
 [{"message":
   ".> /home/alen/.elan/toolchains/leanprover--lean4---v4.34.0/bin/clang -o /home/alen/projects/lean/minicalc/.lake/build/bin/minicalc @/home/alen/projects/lean/minicalc/.lake/build/bin/minicalc.rsp",
   "level": "trace"}],
 "inputs":
 [["Main:linkInfo",
   [["Module.moreLinkObjs",
     [["/home/alen/projects/lean/minicalc/.lake/build/ir/Main.c.o.export",
       "6b30f9e6c5212ccd"],
      ["/home/alen/projects/lean/minicalc/.lake/build/ir/Minicalc/Expr.c.o.export",
       "5de058b1afe20b48"],
      ["/home/alen/projects/lean/minicalc/.lake/build/ir/Minicalc/Parser.c.o.export",
       "80500efbd600f01b"],
      ["/home/alen/projects/lean/minicalc/.lake/build/ir/Minicalc/Evaluator.c.o.export",
       "295e10e7abf266ab"],
      ["/home/alen/projects/lean/minicalc/.lake/build/ir/Minicalc/Optimizer.c.o.export",
       "22dcd0d8d7d8d02f"],
      ["/home/alen/projects/lean/minicalc/.lake/build/ir/Minicalc/CLI.c.o.export",
       "9a72d890ca34922f"],
      ["/home/alen/projects/lean/minicalc/.lake/build/ir/Minicalc.c.o.export",
       "db61db1998fcf68c"]]],
    ["Module.moreLinkLibs", "00000000000006bb"],
    ["Module.moreLinkArgs: #[]", "00000000000006bb"]]],
  ["LeanExe.exeOnlyLinkArgs: #[]", "00000000000006bb"],
  ["Lean 4.34.0, commit 293d5d0c0c3f3dded4688b3ccd6a33939ac5102b",
   "a1c6c7aa3e9abfe7"],
  ["x86_64-unknown-linux-gnu", "53a0e8937c307c28"]],
 "depHash": "d087e1bf1869a350"}